[2025-03-07 11:36:41.198515] request: {"jsonrpc":"2.0","id":0,"method":"bdev_malloc_create","params":{            "name": "Malloc0",            "num_blocks": 32768,            "block_size": 512          }}
[2025-03-07 11:36:41.202517] response: {"jsonrpc":"2.0","id":0,"result":"Malloc0"}
